> Task :fieldwatch-core:preBuild UP-TO-DATE
> Task :app:preBuild UP-TO-DATE
> Task :app:preDebugBuild UP-TO-DATE
> Task :fieldwatch-core:preDebugBuild UP-TO-DATE
> Task :app:mergeDebugNativeDebugMetadata NO-SOURCE
> Task :app:checkKotlinGradlePluginConfigurationErrors SKIPPED
> Task :fieldwatch-core:writeDebugAarMetadata UP-TO-DATE
> Task :app:generateDebugBuildConfig UP-TO-DATE
> Task :fieldwatch-core:generateDebugResValues UP-TO-DATE
> Task :fieldwatch-core:generateDebugResources UP-TO-DATE
> Task :fieldwatch-core:packageDebugResources UP-TO-DATE
> Task :fieldwatch-core:extractDeepLinksDebug UP-TO-DATE
> Task :fieldwatch-core:processDebugManifest UP-TO-DATE
> Task :fieldwatch-core:compileDebugLibraryResources UP-TO-DATE
> Task :fieldwatch-core:parseDebugLocalResources UP-TO-DATE
> Task :fieldwatch-core:generateDebugRFile UP-TO-DATE
> Task :fieldwatch-core:checkKotlinGradlePluginConfigurationErrors SKIPPED
> Task :fieldwatch-core:compileDebugKotlin UP-TO-DATE
> Task :fieldwatch-core:javaPreCompileDebug UP-TO-DATE
> Task :fieldwatch-core:compileDebugJavaWithJavac NO-SOURCE
> Task :fieldwatch-core:bundleLibCompileToJarDebug UP-TO-DATE
> Task :fieldwatch-core:mergeDebugShaders UP-TO-DATE
> Task :fieldwatch-core:compileDebugShaders NO-SOURCE
> Task :fieldwatch-core:generateDebugAssets UP-TO-DATE
> Task :fieldwatch-core:packageDebugAssets UP-TO-DATE
> Task :fieldwatch-core:bundleLibRuntimeToJarDebug UP-TO-DATE
> Task :fieldwatch-core:processDebugJavaRes UP-TO-DATE
> Task :fieldwatch-core:bundleLibRuntimeToDirDebug UP-TO-DATE
> Task :fieldwatch-core:mergeDebugJniLibFolders UP-TO-DATE
> Task :fieldwatch-core:mergeDebugNativeLibs NO-SOURCE
> Task :fieldwatch-core:copyDebugJniLibsProjectOnly UP-TO-DATE
> Task :fieldwatch-core:preDebugUnitTestBuild UP-TO-DATE
> Task :app:checkDebugAarMetadata UP-TO-DATE
> Task :fieldwatch-core:generateDebugUnitTestStubRFile UP-TO-DATE
> Task :app:generateDebugResValues UP-TO-DATE
> Task :app:mapDebugSourceSetPaths
> Task :app:generateDebugResources
> Task :fieldwatch-core:compileDebugUnitTestKotlin UP-TO-DATE
> Task :fieldwatch-core:javaPreCompileDebugUnitTest UP-TO-DATE
> Task :fieldwatch-core:compileDebugUnitTestJavaWithJavac NO-SOURCE
> Task :fieldwatch-core:processDebugUnitTestJavaRes UP-TO-DATE
> Task :fieldwatch-core:testDebugUnitTest UP-TO-DATE
> Task :app:createDebugCompatibleScreenManifests UP-TO-DATE
> Task :app:extractDeepLinksDebug UP-TO-DATE
> Task :app:processDebugMainManifest UP-TO-DATE
> Task :app:processDebugManifest UP-TO-DATE
> Task :app:processDebugManifestForPackage UP-TO-DATE
> Task :app:javaPreCompileDebug UP-TO-DATE
> Task :app:mergeDebugShaders UP-TO-DATE
> Task :app:compileDebugShaders NO-SOURCE
> Task :app:generateDebugAssets UP-TO-DATE
> Task :app:mergeDebugResources
> Task :app:mergeDebugAssets UP-TO-DATE
> Task :app:packageDebugResources
> Task :app:compressDebugAssets UP-TO-DATE
> Task :app:desugarDebugFileDependencies UP-TO-DATE
> Task :app:parseDebugLocalResources
> Task :app:checkDebugDuplicateClasses UP-TO-DATE
> Task :app:mergeExtDexDebug UP-TO-DATE
> Task :app:mergeLibDexDebug UP-TO-DATE
> Task :app:mergeDebugJniLibFolders UP-TO-DATE
> Task :app:mergeDebugNativeLibs UP-TO-DATE
> Task :app:stripDebugDebugSymbols UP-TO-DATE
> Task :app:validateSigningDebug UP-TO-DATE
> Task :app:writeDebugAppMetadata UP-TO-DATE
> Task :app:writeDebugSigningConfigVersions UP-TO-DATE
> Task :app:preDebugUnitTestBuild UP-TO-DATE
> Task :app:javaPreCompileDebugUnitTest UP-TO-DATE
> Task :app:preDebugAndroidTestBuild SKIPPED
> Task :app:processDebugAndroidTestManifest UP-TO-DATE
> Task :app:generateDebugAndroidTestBuildConfig UP-TO-DATE
> Task :app:checkDebugAndroidTestAarMetadata UP-TO-DATE
> Task :app:generateDebugAndroidTestResValues UP-TO-DATE
> Task :app:mapDebugAndroidTestSourceSetPaths UP-TO-DATE
> Task :app:generateDebugAndroidTestResources UP-TO-DATE
> Task :app:javaPreCompileDebugAndroidTest UP-TO-DATE
> Task :app:mergeDebugAndroidTestShaders UP-TO-DATE
> Task :app:compileDebugAndroidTestShaders NO-SOURCE
> Task :app:generateDebugAndroidTestAssets UP-TO-DATE
> Task :app:mergeDebugAndroidTestAssets UP-TO-DATE
> Task :app:compressDebugAndroidTestAssets UP-TO-DATE
> Task :app:desugarDebugAndroidTestFileDependencies UP-TO-DATE
> Task :app:checkDebugAndroidTestDuplicateClasses UP-TO-DATE
> Task :app:mergeExtDexDebugAndroidTest UP-TO-DATE
> Task :app:mergeLibDexDebugAndroidTest UP-TO-DATE
> Task :app:mergeDebugAndroidTestJniLibFolders UP-TO-DATE
> Task :app:mergeDebugAndroidTestNativeLibs NO-SOURCE
> Task :app:stripDebugAndroidTestDebugSymbols NO-SOURCE
> Task :app:validateSigningDebugAndroidTest UP-TO-DATE
> Task :app:writeDebugAndroidTestSigningConfigVersions UP-TO-DATE
> Task :app:processDebugResources
> Task :app:kaptGenerateStubsDebugKotlin UP-TO-DATE
> Task :app:kaptDebugKotlin UP-TO-DATE
> Task :app:compileDebugKotlin UP-TO-DATE
> Task :app:compileDebugJavaWithJavac UP-TO-DATE
> Task :app:dexBuilderDebug UP-TO-DATE
> Task :app:mergeDebugGlobalSynthetics UP-TO-DATE
> Task :app:processDebugJavaRes UP-TO-DATE
> Task :app:mergeDebugJavaResource UP-TO-DATE
> Task :app:mergeProjectDexDebug UP-TO-DATE
> Task :app:bundleDebugClassesToRuntimeJar UP-TO-DATE
> Task :app:bundleDebugClassesToCompileJar UP-TO-DATE
> Task :app:kaptGenerateStubsDebugUnitTestKotlin UP-TO-DATE
> Task :app:kaptDebugUnitTestKotlin UP-TO-DATE
> Task :app:compileDebugUnitTestKotlin UP-TO-DATE
> Task :app:compileDebugUnitTestJavaWithJavac NO-SOURCE
> Task :app:packageDebugUnitTestForUnitTest
> Task :app:generateDebugUnitTestConfig
> Task :app:packageDebug
> Task :app:createDebugApkListingFileRedirect UP-TO-DATE
> Task :app:assembleDebug
> Task :app:processDebugUnitTestJavaRes UP-TO-DATE
> Task :app:testDebugUnitTest
> Task :app:mergeDebugAndroidTestResources UP-TO-DATE
> Task :app:processDebugAndroidTestResources UP-TO-DATE
> Task :app:kaptGenerateStubsDebugAndroidTestKotlin UP-TO-DATE
> Task :app:kaptDebugAndroidTestKotlin UP-TO-DATE
> Task :app:compileDebugAndroidTestKotlin UP-TO-DATE
> Task :app:compileDebugAndroidTestJavaWithJavac UP-TO-DATE
> Task :app:dexBuilderDebugAndroidTest UP-TO-DATE
> Task :app:mergeDebugAndroidTestGlobalSynthetics UP-TO-DATE
> Task :app:processDebugAndroidTestJavaRes UP-TO-DATE
> Task :app:mergeDebugAndroidTestJavaResource UP-TO-DATE
> Task :app:mergeProjectDexDebugAndroidTest
> Task :app:packageDebugAndroidTest
> Task :app:createDebugAndroidTestApkListingFileRedirect
> Task :app:assembleDebugAndroidTest

BUILD SUCCESSFUL in 14s
103 actionable tasks: 13 executed, 90 up-to-date
